Microchip MPLAB XC8 Compiler V2.31

Linker command line:

-W-3 --edf=C:\Program Files\Microchip\xc8\v2.31\pic\dat\en_msgs.txt -cn \
  -h+dist/default/production\Laboratorio_6.X.production.sym \
  --cmf=dist/default/production\Laboratorio_6.X.production.cmf -z -Q18F4550 \
  -oC:\Users\User\AppData\Local\Temp\sef8.2 --defsym=__MPLAB_BUILD=1 \
  -Mdist/default/production/Laboratorio_6.X.production.map -E1 \
  -ver=XC8 Compiler --acfsm=1493 -ASTACK=0150h-07FFh -pstack=STACK \
  -ACODE=00h-07FFFh -ACONST=00h-07FFFh -ASMALLCONST=0800h-08FFhx120 \
  -AMEDIUMCONST=0800h-07FFFh -ACOMRAM=01h-05Fh -AABS1=00h-07FFh \
  -ABIGRAM=01h-07FFh -ARAM=060h-0FFh,0100h-01FFhx7 -ABANK0=060h-0FFh \
  -ABANK1=0100h-01FFh -ABANK2=0200h-02FFh -ABANK3=0300h-03FFh \
  -ABANK4=0400h-04FFh -ABANK5=0500h-05FFh -ABANK6=0600h-06FFh \
  -ABANK7=0700h-07FFh -ASFR=0F60h-0FFFh -ACONFIG=0300000h-030000Dh \
  -AIDLOC=0200000h-0200007h -AEEDATA=0F00000h-0F000FFh -peeprom_data=EEDATA \
  -preset_vec=00h,intcode,intcodelo,powerup,init -pramtop=0800h \
  -psmallconst=SMALLCONST -pmediumconst=MEDIUMCONST -pconst=CONST \
  -AFARRAM=00h-00h \
  -prdata=COMRAM,nvrram=COMRAM,nvbit=COMRAM,rbss=COMRAM,rbit=COMRAM \
  -pfarbss=FARRAM,fardata=FARRAM,nvFARRAM=FARRAM \
  -pintsave_regs=BIGRAM,bigbss=BIGRAM,bigdata=BIGRAM -pbss=RAM \
  -pidata=CODE,irdata=CODE,ibigdata=CODE,ifardata=CODE -prparam=COMRAM \
  C:\Users\User\AppData\Local\Temp\sef8.o \
  dist/default/production\Laboratorio_6.X.production.o 

Object code version is 3.11

Machine type is 18F4550



                Name                               Link     Load   Length Selector   Space Scale
C:\Users\User\AppData\Local\Temp\sef8.o
                idloc                            200000   200000        8        0       5
                config                           300000   300000        E        0       4
                init                                  0        0        4        0       0
dist/default/production\Laboratorio_6.X.production.o
                idloc                            200000   200000        8        0       5
                config                           300000   300000        E        0       4
                smallconst                          800      800       32      400       0
                text37                             266A     266A      1B4      419       0
                text36                             35E0     35E0       12      419       0
                text35                             3564     3564       30      419       0
                text34                             33AE     33AE       4C      419       0
                text33                             3594     3594       2A      419       0
                text32                             32A2     32A2       5E      419       0
                text31                             2EC4     2EC4       C4      419       0
                text30                             2F88     2F88       B0      419       0
                text29                             1D74     1D74      39A      419       0
                text28                             3038     3038       AA      419       0
                text27                             2A5C     2A5C      104      419       0
                text26                             194A     194A      42A      419       0
                text25                             34F6     34F6       38      419       0
                text24                             148A     148A      4C0      419       0
                text23                             33FA     33FA       46      419       0
                text22                             2956     2956      106      419       0
                text21                             2B60     2B60       FE      419       0
                text20                             2458     2458      212      419       0
                text19                             3610     3610        2      419       0
                text18                             2D34     2D34       CA      419       0
                text17                             3440     3440       44      419       0
                text16                             352E     352E       36      419       0
                text15                             2DFE     2DFE       C6      419       0
                text14                             3300     3300       5C      419       0
                text13                             34BE     34BE       38      419       0
                text12                             31E4     31E4       60      419       0
                text11                              832      832      C58      419       0
                text10                             2C5E     2C5E       D6      419       0
                text9                              210E     210E      34A      419       0
                text8                              3182     3182       62      419       0
                text7                              335C     335C       52      419       0
                text6                              281E     281E      138      419       0
                text5                              35F2     35F2        E      419       0
                text4                              30E2     30E2       A0      419       0
                text3                              3608     3608        8      419       0
                text2                              3600     3600        8      419       0
                text1                              3484     3484       3A      419       0
                text0                              3244     3244       5E      419       0
                cstackCOMRAM                          1        1       5F        1       1
                cstackBANK0                          60       60       66       60       1
                bssBANK1                            100      100       50      100       1
                bssBANK0                             C6       C6       20       60       1
                cinit                              35BE     35BE       22      419       0

TOTAL           Name                               Link     Load   Length     Space
        CLASS   STACK          

        CLASS   CODE           
                init                                  0        0        4         0
                text37                             266A     266A      1B4         0
                text36                             35E0     35E0       12         0
                text35                             3564     3564       30         0
                text34                             33AE     33AE       4C         0
                text33                             3594     3594       2A         0
                text32                             32A2     32A2       5E         0
                text31                             2EC4     2EC4       C4         0
                text30                             2F88     2F88       B0         0
                text29                             1D74     1D74      39A         0
                text28                             3038     3038       AA         0
                text27                             2A5C     2A5C      104         0
                text26                             194A     194A      42A         0
                text25                             34F6     34F6       38         0
                text24                             148A     148A      4C0         0
                text23                             33FA     33FA       46         0
                text22                             2956     2956      106         0
                text21                             2B60     2B60       FE         0
                text20                             2458     2458      212         0
                text19                             3610     3610        2         0
                text18                             2D34     2D34       CA         0
                text17                             3440     3440       44         0
                text16                             352E     352E       36         0
                text15                             2DFE     2DFE       C6         0
                text14                             3300     3300       5C         0
                text13                             34BE     34BE       38         0
                text12                             31E4     31E4       60         0
                text11                              832      832      C58         0
                text10                             2C5E     2C5E       D6         0
                text9                              210E     210E      34A         0
                text8                              3182     3182       62         0
                text7                              335C     335C       52         0
                text6                              281E     281E      138         0
                text5                              35F2     35F2        E         0
                text4                              30E2     30E2       A0         0
                text3                              3608     3608        8         0
                text2                              3600     3600        8         0
                text1                              3484     3484       3A         0
                text0                              3244     3244       5E         0
                cinit                              35BE     35BE       22         0

        CLASS   CONST          

        CLASS   SMALLCONST     
                smallconst                          800      800       32         0

        CLASS   MEDIUMCONST    

        CLASS   COMRAM         
                cstackCOMRAM                          1        1       5F         1

        CLASS   ABS1           

        CLASS   BIGRAM         

        CLASS   RAM            

        CLASS   BANK0          
                cstackBANK0                          60       60       66         1
                bssBANK0                             C6       C6       20         1

        CLASS   BANK1          
                bssBANK1                            100      100       50         1

        CLASS   BANK2          

        CLASS   BANK3          

        CLASS   BANK4          

        CLASS   BANK5          

        CLASS   BANK6          

        CLASS   BANK7          

        CLASS   SFR            

        CLASS   CONFIG         
                config                           300000   300000        E         4

        CLASS   IDLOC          
                idloc                            200000   200000        8         5

        CLASS   EEDATA         

        CLASS   FARRAM         



SEGMENTS        Name                           Load    Length   Top    Selector   Space  Class

                reset_vec                      000000  000004  000004         0       0  CODE    
                cstackCOMRAM                   000001  00005F  000060         1       1  COMRAM  
                cstackBANK0                    000060  000086  0000E6        60       1  BANK0   
                bssBANK1                       000100  000050  000150       100       1  BANK1   
                smallconst                     000800  000032  000832       400       0  SMALLCON
                text11                         000832  002DE0  003612       419       0  CODE    


UNUSED ADDRESS RANGES

        Name                Unused          Largest block    Delta
        BANK0            0000E6-0000FF               1A
        BANK1            000150-0001FF               B0
        BANK2            000200-0002FF              100
        BANK3            000300-0003FF              100
        BANK4            000400-0004FF              100
        BANK5            000500-0005FF              100
        BANK6            000600-0006FF              100
        BANK7            000700-0007FF              100
        BIGRAM           0000E6-0000FF               1A
                         000150-0007FF              6B0
        CODE             000004-0007FF              7FC
                         003612-007FFF             49EE
        CONST            000004-0007FF              7FC
                         003612-007FFF             49EE
        EEDATA           F00000-F000FF              100
        MEDIUMCONST      003612-007FFF             49EE
        RAM              0000E6-0000FF               1A
                         000150-0007FF              100
        SFR              000F60-000FFF               A0
        SMALLCONST       003612-007FFF              100
        STACK            000150-0007FF              6B0

                                  Symbol Table

?___awdiv                         cstackCOMRAM 000001
?___awmod                         cstackCOMRAM 000001
?___fladd                         cstackCOMRAM 000001
?___fldiv                         cstackCOMRAM 00001A
?___flmul                         cstackCOMRAM 000001
?___flneg                         cstackCOMRAM 000001
?___flsub                         cstackCOMRAM 00001A
?___fltol                         cstackCOMRAM 000001
?___fpclassifyf                   cstackCOMRAM 000001
?___xxtofl                        cstackCOMRAM 000001
?_efgtoa                          cstackCOMRAM 000047
?_floorf                          cstackCOMRAM 000033
?_isupper                         cstackCOMRAM 000001
?_pad                             cstackCOMRAM 000011
?_sprintf                         cstackBANK0  0000A8
?_strlen                          cstackCOMRAM 000001
?_strncmp                         cstackCOMRAM 000001
?_tolower                         cstackCOMRAM 000007
?_vfpfcnvrt                       cstackCOMRAM 000053
?_vfprintf                        cstackBANK0  0000A2
Ciclo_Util@dutycycle              cstackBANK0  0000C2
Ciclo_Util@dutycyclet             cstackBANK0  0000BE
_ADCON0                           (abs)        000FC2
_ADCON0bits                       (abs)        000FC2
_ADCON1                           (abs)        000FC1
_ADCON2                           (abs)        000FC0
_ADRESH                           (abs)        000FC4
_ADRESL                           (abs)        000FC3
_CCP1CON                          (abs)        000FBD
_CCPR1L                           (abs)        000FBE
_Ciclo_Util                       text6        00281E
_Configuracion_Registros          text5        0035F2
_LATC                             (abs)        000F8B
_LATEbits                         (abs)        000F8D
_PORTCbits                        (abs)        000F82
_PR2                              (abs)        000FCB
_PWM                              text4        0030E2
_T2CON                            (abs)        000FCA
_T2CONbits                        (abs)        000FCA
_TMR2                             (abs)        000FCC
_TRISAbits                        (abs)        000F92
_TRISC                            (abs)        000F94
_TRISCbits                        (abs)        000F94
_TRISEbits                        (abs)        000F96
__HRAM                            (abs)        000000
__Habs1                           abs1         000000
__Hbank0                          bank0        000000
__Hbank1                          bank1        000000
__Hbank2                          bank2        000000
__Hbank3                          bank3        000000
__Hbank4                          bank4        000000
__Hbank5                          bank5        000000
__Hbank6                          bank6        000000
__Hbank7                          bank7        000000
__Hbigbss                         bigbss       000000
__Hbigdata                        bigdata      000000
__Hbigram                         bigram       000000
__Hbss                            bss          000000
__HbssBANK0                       bssBANK0     000000
__HbssBANK1                       bssBANK1     000000
__Hcinit                          cinit        000000
__Hclrtext                        clrtext      000000
__Hcomram                         comram       000000
__Hconfig                         config       30000E
__Hconst                          const        000000
__HcstackBANK0                    cstackBANK0  000000
__HcstackCOMRAM                   cstackCOMRAM 000000
__Hdata                           data         000000
__Heeprom_data                    eeprom_data  000000
__Hfarbss                         farbss       000000
__Hfardata                        fardata      000000
__Hibigdata                       ibigdata     000000
__Hidata                          idata        000000
__Hidloc                          idloc        200008
__Hifardata                       ifardata     000000
__Hinit                           init         000004
__Hintcode                        intcode      000000
__Hintcode_body                   intcode_body 000000
__Hintcodelo                      intcodelo    000000
__Hintentry                       intentry     000000
__Hintret                         intret       000000
__Hintsave_regs                   intsave_regs 000000
__Hirdata                         irdata       000000
__Hmediumconst                    mediumconst  000000
__HnvFARRAM                       nvFARRAM     000000
__Hnvbit                          nvbit        000000
__Hnvrram                         nvrram       000000
__Hparam                          rparam       000000
__Hpowerup                        powerup      000000
__Hram                            ram          000000
__Hramtop                         ramtop       000800
__Hrbit                           rbit         000000
__Hrbss                           rbss         000000
__Hrdata                          rdata        000000
__Hreset_vec                      reset_vec    000000
__Hrparam                         rparam       000000
__Hsfr                            sfr          000000
__Hsmallconst                     smallconst   000832
__Hspace_0                        (abs)        003612
__Hspace_1                        (abs)        000150
__Hspace_2                        (abs)        000000
__Hspace_4                        (abs)        60000E
__Hstack                          stack        000000
__Hstruct                         struct       000000
__Htemp                           temp         000000
__Htext                           text         000000
__Htext0                          text0        000000
__Htext1                          text1        000000
__Htext10                         text10       000000
__Htext11                         text11       000000
__Htext12                         text12       000000
__Htext13                         text13       000000
__Htext14                         text14       000000
__Htext15                         text15       000000
__Htext16                         text16       000000
__Htext17                         text17       000000
__Htext18                         text18       000000
__Htext19                         text19       000000
__Htext2                          text2        000000
__Htext20                         text20       000000
__Htext21                         text21       000000
__Htext22                         text22       000000
__Htext23                         text23       000000
__Htext24                         text24       000000
__Htext25                         text25       000000
__Htext26                         text26       000000
__Htext27                         text27       000000
__Htext28                         text28       000000
__Htext29                         text29       000000
__Htext3                          text3        000000
__Htext30                         text30       000000
__Htext31                         text31       000000
__Htext32                         text32       000000
__Htext33                         text33       000000
__Htext34                         text34       000000
__Htext35                         text35       000000
__Htext36                         text36       000000
__Htext37                         text37       000000
__Htext4                          text4        000000
__Htext5                          text5        000000
__Htext6                          text6        000000
__Htext7                          text7        000000
__Htext8                          text8        000000
__Htext9                          text9        000000
__LRAM                            (abs)        000001
__Labs1                           abs1         000000
__Lbank0                          bank0        000000
__Lbank1                          bank1        000000
__Lbank2                          bank2        000000
__Lbank3                          bank3        000000
__Lbank4                          bank4        000000
__Lbank5                          bank5        000000
__Lbank6                          bank6        000000
__Lbank7                          bank7        000000
__Lbigbss                         bigbss       000000
__Lbigdata                        bigdata      000000
__Lbigram                         bigram       000000
__Lbss                            bss          000000
__LbssBANK0                       bssBANK0     000000
__LbssBANK1                       bssBANK1     000000
__Lcinit                          cinit        000000
__Lclrtext                        clrtext      000000
__Lcomram                         comram       000000
__Lconfig                         config       000000
__Lconst                          const        000000
__LcstackBANK0                    cstackBANK0  000000
__LcstackCOMRAM                   cstackCOMRAM 000000
__Ldata                           data         000000
__Leeprom_data                    eeprom_data  000000
__Lfarbss                         farbss       000000
__Lfardata                        fardata      000000
__Libigdata                       ibigdata     000000
__Lidata                          idata        000000
__Lidloc                          idloc        000000
__Lifardata                       ifardata     000000
__Linit                           init         000000
__Lintcode                        intcode      000000
__Lintcode_body                   intcode_body 000000
__Lintcodelo                      intcodelo    000000
__Lintentry                       intentry     000000
__Lintret                         intret       000000
__Lintsave_regs                   intsave_regs 000000
__Lirdata                         irdata       000000
__Lmediumconst                    mediumconst  000000
__LnvFARRAM                       nvFARRAM     000000
__Lnvbit                          nvbit        000000
__Lnvrram                         nvrram       000000
__Lparam                          rparam       000000
__Lpowerup                        powerup      000000
__Lram                            ram          000000
__Lramtop                         ramtop       000800
__Lrbit                           rbit         000000
__Lrbss                           rbss         000000
__Lrdata                          rdata        000000
__Lreset_vec                      reset_vec    000000
__Lrparam                         rparam       000000
__Lsfr                            sfr          000000
__Lsmallconst                     smallconst   000800
__Lspace_0                        (abs)        000000
__Lspace_1                        (abs)        000000
__Lspace_2                        (abs)        000000
__Lspace_4                        (abs)        000000
__Lstack                          stack        000000
__Lstruct                         struct       000000
__Ltemp                           temp         000000
__Ltext                           text         000000
__Ltext0                          text0        000000
__Ltext1                          text1        000000
__Ltext10                         text10       000000
__Ltext11                         text11       000000
__Ltext12                         text12       000000
__Ltext13                         text13       000000
__Ltext14                         text14       000000
__Ltext15                         text15       000000
__Ltext16                         text16       000000
__Ltext17                         text17       000000
__Ltext18                         text18       000000
__Ltext19                         text19       000000
__Ltext2                          text2        000000
__Ltext20                         text20       000000
__Ltext21                         text21       000000
__Ltext22                         text22       000000
__Ltext23                         text23       000000
__Ltext24                         text24       000000
__Ltext25                         text25       000000
__Ltext26                         text26       000000
__Ltext27                         text27       000000
__Ltext28                         text28       000000
__Ltext29                         text29       000000
__Ltext3                          text3        000000
__Ltext30                         text30       000000
__Ltext31                         text31       000000
__Ltext32                         text32       000000
__Ltext33                         text33       000000
__Ltext34                         text34       000000
__Ltext35                         text35       000000
__Ltext36                         text36       000000
__Ltext37                         text37       000000
__Ltext4                          text4        000000
__Ltext5                          text5        000000
__Ltext6                          text6        000000
__Ltext7                          text7        000000
__Ltext8                          text8        000000
__Ltext9                          text9        000000
__S0                              (abs)        003612
__S1                              (abs)        000150
__S2                              (abs)        000000
__S4                              (abs)        000000
__S5                              (abs)        000000
___awdiv                          text31       002EC4
___awdiv@counter                  cstackCOMRAM 000005
___awdiv@dividend                 cstackCOMRAM 000001
___awdiv@divisor                  cstackCOMRAM 000003
___awdiv@quotient                 cstackCOMRAM 000007
___awdiv@sign                     cstackCOMRAM 000006
___awmod                          text30       002F88
___awmod@counter                  cstackCOMRAM 000005
___awmod@dividend                 cstackCOMRAM 000001
___awmod@divisor                  cstackCOMRAM 000003
___awmod@sign                     cstackCOMRAM 000006
___fladd                          text24       00148A
___fladd@a                        cstackCOMRAM 000005
___fladd@aexp                     cstackCOMRAM 00000E
___fladd@b                        cstackCOMRAM 000001
___fladd@bexp                     cstackCOMRAM 00000F
___fladd@grs                      cstackCOMRAM 000010
___fladd@signs                    cstackCOMRAM 00000D
___fldiv                          text29       001D74
___fldiv@a                        cstackCOMRAM 00001E
___fldiv@aexp                     cstackCOMRAM 000032
___fldiv@b                        cstackCOMRAM 00001A
___fldiv@bexp                     cstackCOMRAM 000031
___fldiv@grs                      cstackCOMRAM 00002D
___fldiv@new_exp                  cstackCOMRAM 00002B
___fldiv@rem                      cstackCOMRAM 000026
___fldiv@sign                     cstackCOMRAM 00002A
___fleq                           text28       003038
___fleq@ff1                       cstackCOMRAM 000001
___fleq@ff2                       cstackCOMRAM 000005
___flge                           text27       002A5C
___flge@ff1                       cstackCOMRAM 00001A
___flge@ff2                       cstackCOMRAM 00001E
___flmul                          text26       00194A
___flmul@a                        cstackCOMRAM 000005
___flmul@aexp                     cstackCOMRAM 000012
___flmul@b                        cstackCOMRAM 000001
___flmul@bexp                     cstackCOMRAM 000013
___flmul@grs                      cstackCOMRAM 00000E
___flmul@prod                     cstackCOMRAM 000014
___flmul@sign                     cstackCOMRAM 00000D
___flmul@temp                     cstackCOMRAM 000018
___flneg                          text25       0034F6
___flneg@f1                       cstackCOMRAM 000001
___flsub                          text23       0033FA
___flsub@a                        cstackCOMRAM 00001E
___flsub@b                        cstackCOMRAM 00001A
___fltol                          text22       002956
___fltol@exp1                     cstackCOMRAM 00000A
___fltol@f1                       cstackCOMRAM 000001
___fltol@sign1                    cstackCOMRAM 000009
___fpclassifyf                    text21       002B60
___fpclassifyf@F465               bssBANK0     0000CA
___fpclassifyf@e                  cstackCOMRAM 000009
___fpclassifyf@u                  cstackCOMRAM 00000B
___fpclassifyf@x                  cstackCOMRAM 000001
___inthi_sp                       stack        000000
___intlo_sp                       stack        000000
___param_bank                     (abs)        000000
___rparam_used                    (abs)        000001
___sp                             stack        000000
___xxtofl                         text37       00266A
___xxtofl@arg                     cstackCOMRAM 00000B
___xxtofl@exp                     cstackCOMRAM 00000A
___xxtofl@sign                    cstackCOMRAM 000009
___xxtofl@val                     cstackCOMRAM 000001
__accesstop                       (abs)        000060
__activetblptr                    (abs)        000002
__end_of_Ciclo_Util               text6        002956
__end_of_Configuracion_Registros  text5        003600
__end_of_PWM                      text4        003182
__end_of___awdiv                  text31       002F88
__end_of___awmod                  text30       003038
__end_of___fladd                  text24       00194A
__end_of___fldiv                  text29       00210E
__end_of___fleq                   text28       0030E2
__end_of___flge                   text27       002B60
__end_of___flmul                  text26       001D74
__end_of___flneg                  text25       00352E
__end_of___flsub                  text23       003440
__end_of___fltol                  text22       002A5C
__end_of___fpclassifyf            text21       002C5E
__end_of___xxtofl                 text37       00281E
__end_of__initialization          cinit        0035D6
__end_of_efgtoa                   text11       00148A
__end_of_floorf                   text20       00266A
__end_of_fputc                    text18       002DFE
__end_of_fputs                    text17       003484
__end_of_isupper                  text13       0034F6
__end_of_lcd_clear_display        text3        003610
__end_of_lcd_control              text35       003594
__end_of_lcd_cursor_home          text2        003608
__end_of_lcd_dato                 text33       0035BE
__end_of_lcd_goto                 text34       0033FA
__end_of_lcd_init                 text1        0034BE
__end_of_lcd_print                text32       003300
__end_of_lcd_time_control         text36       0035F2
__end_of_main                     text0        0032A2
__end_of_pad                      text15       002EC4
__end_of_putch                    text19       003612
__end_of_sprintf                  text7        0033AE
__end_of_strcpy                   text14       00335C
__end_of_strlen                   text16       003564
__end_of_strncmp                  text10       002D34
__end_of_tolower                  text12       003244
__end_of_vfpfcnvrt                text9        002458
__end_of_vfprintf                 text8        0031E4
__initialization                  cinit        0035BE
__mediumconst                     mediumconst  000000
__pbssBANK0                       bssBANK0     0000C6
__pbssBANK1                       bssBANK1     000100
__pcinit                          cinit        0035BE
__pcstackBANK0                    cstackBANK0  000060
__pcstackCOMRAM                   cstackCOMRAM 000001
__psmallconst                     smallconst   000800
__ptext0                          text0        003244
__ptext1                          text1        003484
__ptext10                         text10       002C5E
__ptext11                         text11       000832
__ptext12                         text12       0031E4
__ptext13                         text13       0034BE
__ptext14                         text14       003300
__ptext15                         text15       002DFE
__ptext16                         text16       00352E
__ptext17                         text17       003440
__ptext18                         text18       002D34
__ptext19                         text19       003610
__ptext2                          text2        003600
__ptext20                         text20       002458
__ptext21                         text21       002B60
__ptext22                         text22       002956
__ptext23                         text23       0033FA
__ptext24                         text24       00148A
__ptext25                         text25       0034F6
__ptext26                         text26       00194A
__ptext27                         text27       002A5C
__ptext28                         text28       003038
__ptext29                         text29       001D74
__ptext3                          text3        003608
__ptext30                         text30       002F88
__ptext31                         text31       002EC4
__ptext32                         text32       0032A2
__ptext33                         text33       003594
__ptext34                         text34       0033AE
__ptext35                         text35       003564
__ptext36                         text36       0035E0
__ptext37                         text37       00266A
__ptext4                          text4        0030E2
__ptext5                          text5        0035F2
__ptext6                          text6        00281E
__ptext7                          text7        00335C
__ptext8                          text8        003182
__ptext9                          text9        00210E
__ramtop                          ramtop       000800
__size_of_Ciclo_Util              (abs)        000000
__size_of_Configuracion_Registros (abs)        000000
__size_of_PWM                     (abs)        000000
__size_of___awdiv                 (abs)        000000
__size_of___awmod                 (abs)        000000
__size_of___fladd                 (abs)        000000
__size_of___fldiv                 (abs)        000000
__size_of___fleq                  (abs)        000000
__size_of___flge                  (abs)        000000
__size_of___flmul                 (abs)        000000
__size_of___flneg                 (abs)        000000
__size_of___flsub                 (abs)        000000
__size_of___fltol                 (abs)        000000
__size_of___fpclassifyf           (abs)        000000
__size_of___xxtofl                (abs)        000000
__size_of_efgtoa                  (abs)        000000
__size_of_floorf                  (abs)        000000
__size_of_fputc                   (abs)        000000
__size_of_fputs                   (abs)        000000
__size_of_isupper                 (abs)        000000
__size_of_lcd_clear_display       (abs)        000000
__size_of_lcd_control             (abs)        000000
__size_of_lcd_cursor_home         (abs)        000000
__size_of_lcd_dato                (abs)        000000
__size_of_lcd_goto                (abs)        000000
__size_of_lcd_init                (abs)        000000
__size_of_lcd_print               (abs)        000000
__size_of_lcd_time_control        (abs)        000000
__size_of_main                    (abs)        000000
__size_of_pad                     (abs)        000000
__size_of_putch                   (abs)        000000
__size_of_sprintf                 (abs)        000000
__size_of_strcpy                  (abs)        000000
__size_of_strlen                  (abs)        000000
__size_of_strncmp                 (abs)        000000
__size_of_tolower                 (abs)        000000
__size_of_vfpfcnvrt               (abs)        000000
__size_of_vfprintf                (abs)        000000
__smallconst                      smallconst   000800
_ccp                              bssBANK0     0000D8
_ccp1                             bssBANK0     0000D6
_cicloU1                          bssBANK0     0000DA
_dbuf                             bssBANK1     000100
_dc                               bssBANK0     0000DC
_efgtoa                           text11       000832
_efgtoa$974                       cstackBANK0  000060
_efgtoa$975                       cstackBANK0  000062
_efgtoa$980                       cstackBANK0  000064
_efgtoa$984                       cstackBANK0  000066
_efgtoa$985                       cstackBANK0  000068
_efgtoa$986                       cstackBANK0  00006A
_flags                            bssBANK0     0000D4
_floorf                           text20       002458
_fputc                            text18       002D34
_fputs                            text17       003440
_isupper                          text13       0034BE
_lcd_clear_display                text3        003608
_lcd_control                      text35       003564
_lcd_cursor_home                  text2        003600
_lcd_dato                         text33       003594
_lcd_goto                         text34       0033AE
_lcd_init                         text1        003484
_lcd_print                        text32       0032A2
_lcd_time_control                 text36       0035E0
_main                             text0        003244
_nout                             bssBANK0     0000CE
_pad                              text15       002DFE
_prec                             bssBANK0     0000D2
_putch                            text19       003610
_sprintf                          text7        00335C
_strcpy                           text14       003300
_strlen                           text16       00352E
_strncmp                          text10       002C5E
_tolower                          text12       0031E4
_tolower$1100                     cstackCOMRAM 00000D
_vfpfcnvrt                        text9        00210E
_vfpfcnvrt$1003                   cstackBANK0  000098
_vfprintf                         text8        003182
_width                            bssBANK0     0000D0
efgtoa@c                          cstackCOMRAM 00004D
efgtoa@d                          cstackBANK0  000078
efgtoa@e                          cstackBANK0  000090
efgtoa@f                          cstackCOMRAM 000049
efgtoa@fp                         cstackCOMRAM 000047
efgtoa@g                          cstackBANK0  00008C
efgtoa@h                          cstackBANK0  000082
efgtoa@i                          cstackBANK0  00008A
efgtoa@l                          cstackBANK0  000086
efgtoa@m                          cstackBANK0  000072
efgtoa@mode                       cstackBANK0  000081
efgtoa@n                          cstackBANK0  000092
efgtoa@ne                         cstackBANK0  000070
efgtoa@nmode                      cstackBANK0  000080
efgtoa@ou                         cstackBANK0  000074
efgtoa@p                          cstackBANK0  00007C
efgtoa@pp                         cstackBANK0  00006E
efgtoa@sign                       cstackBANK0  00007A
efgtoa@t                          cstackBANK0  00006C
efgtoa@u                          cstackBANK0  000094
efgtoa@w                          cstackBANK0  00007E
end_of_initialization             cinit        0035D6
floorf@F527                       bssBANK0     0000C6
floorf@e                          cstackCOMRAM 000041
floorf@m                          cstackCOMRAM 00003D
floorf@u                          cstackCOMRAM 000043
floorf@x                          cstackCOMRAM 000033
fputc@c                           cstackCOMRAM 000001
fputc@fp                          cstackCOMRAM 000003
fputs@c                           cstackCOMRAM 00000E
fputs@fp                          cstackCOMRAM 00000C
fputs@i                           cstackCOMRAM 00000F
fputs@s                           cstackCOMRAM 00000A
intlevel0                         text         000000
intlevel1                         text         000000
intlevel2                         text         000000
intlevel3                         text         000000
isupper@c                         cstackCOMRAM 000001
lcd_control@dato                  cstackCOMRAM 000002
lcd_dato@dato                     cstackCOMRAM 000002
lcd_goto@posicion                 cstackCOMRAM 000009
lcd_goto@x                        cstackCOMRAM 000003
lcd_goto@y                        cstackCOMRAM 000005
lcd_print@dato                    cstackCOMRAM 000003
pad@buf                           cstackCOMRAM 000013
pad@fp                            cstackCOMRAM 000011
pad@i                             cstackCOMRAM 000018
pad@p                             cstackCOMRAM 000015
pad@w                             cstackCOMRAM 00001A
sprintf@ap                        cstackBANK0  0000B2
sprintf@f                         cstackBANK0  0000B4
sprintf@fmt                       cstackBANK0  0000AA
sprintf@s                         cstackBANK0  0000A8
stackhi                           (abs)        0007FF
stacklo                           (abs)        000150
start                             init         000000
start_initialization              cinit        0035BE
strcpy@d                          cstackCOMRAM 000009
strcpy@dest                       cstackCOMRAM 000001
strcpy@s                          cstackCOMRAM 000007
strcpy@src                        cstackCOMRAM 000003
strlen@a                          cstackCOMRAM 000003
strlen@s                          cstackCOMRAM 000001
strncmp@_l                        cstackCOMRAM 000001
strncmp@_r                        cstackCOMRAM 000003
strncmp@l                         cstackCOMRAM 000008
strncmp@n                         cstackCOMRAM 000005
strncmp@r                         cstackCOMRAM 00000A
tolower@c                         cstackCOMRAM 000007
vfpfcnvrt@ap                      cstackCOMRAM 000057
vfpfcnvrt@c                       cstackBANK0  0000A1
vfpfcnvrt@ct                      cstackBANK0  00009E
vfpfcnvrt@f                       cstackBANK0  00009A
vfpfcnvrt@fmt                     cstackCOMRAM 000055
vfpfcnvrt@fp                      cstackCOMRAM 000053
vfprintf@ap                       cstackBANK0  0000A6
vfprintf@cfmt                     cstackCOMRAM 00005D
vfprintf@fmt                      cstackBANK0  0000A4
vfprintf@fp                       cstackBANK0  0000A2


FUNCTION INFORMATION:

 *************** function _main *****************
 Defined at:
		line 16 in file "newmain.c"
 Parameters:    Size  Location     Type
		None
 Auto vars:     Size  Location     Type
		None
 Return value:  Size  Location     Type
                  1    wreg      void 
 Registers used:
		wreg, fsr1l, fsr1h, fsr2l, fsr2h, status,2, status,0, tblptrl, tblptrh, tblptru, prodl, prodh, cstack
 Tracked objects:
		On entry : 
		On exit  : 
		Unchanged: 
 Data sizes:     COMRAM   BANK0   BANK1   BANK2   BANK3   BANK4   BANK5   BANK6   BANK7
      Params:         0       0       0       0       0       0       0       0       0
      Locals:         0       0       0       0       0       0       0       0       0
      Temps:          1       0       0       0       0       0       0       0       0
      Totals:         1       0       0       0       0       0       0       0       0
Total ram usage:        1 bytes
 Hardware stack levels required when called:    9
 This function calls:
		_Ciclo_Util
		_Configuracion_Registros
		_PWM
		_lcd_clear_display
		_lcd_cursor_home
		_lcd_goto
		_lcd_init
		_lcd_print
 This function is called by:
		Startup code after reset
 This function uses a non-reentrant model


 *************** function _lcd_init *****************
 Defined at:
		line 23 in file "./LCD.h"
 Parameters:    Size  Location     Type
		None
 Auto vars:     Size  Location     Type
		None
 Return value:  Size  Location     Type
                  1    wreg      void 
 Registers used:
		wreg, status,2, status,0, cstack
 Tracked objects:
		On entry : 
		On exit  : 
		Unchanged: 
 Data sizes:     COMRAM   BANK0   BANK1   BANK2   BANK3   BANK4   BANK5   BANK6   BANK7
      Params:         0       0       0       0       0       0       0       0       0
      Locals:         0       0       0       0       0       0       0       0       0
      Temps:          1       0       0       0       0       0       0       0       0
      Totals:         1       0       0       0       0       0       0       0       0
Total ram usage:        1 bytes
 Hardware stack levels used:    1
 Hardware stack levels required when called:    2
 This function calls:
		_lcd_control
 This function is called by:
		_main
 This function uses a non-reentrant model


 *************** function _lcd_cursor_home *****************
 Defined at:
		line 79 in file "./LCD.h"
 Parameters:    Size  Location     Type
		None
 Auto vars:     Size  Location     Type
		None
 Return value:  Size  Location     Type
                  1    wreg      void 
 Registers used:
		wreg, status,2, status,0, cstack
 Tracked objects:
		On entry : 
		On exit  : 
		Unchanged: 
 Data sizes:     COMRAM   BANK0   BANK1   BANK2   BANK3   BANK4   BANK5   BANK6   BANK7
      Params:         0       0       0       0       0       0       0       0       0
      Locals:         0       0       0       0       0       0       0       0       0
      Temps:          0       0       0       0       0       0       0       0       0
      Totals:         0       0       0       0       0       0       0       0       0
Total ram usage:        0 bytes
 Hardware stack levels used:    1
 Hardware stack levels required when called:    2
 This function calls:
		_lcd_control
 This function is called by:
		_main
 This function uses a non-reentrant model


 *************** function _lcd_clear_display *****************
 Defined at:
		line 72 in file "./LCD.h"
 Parameters:    Size  Location     Type
		None
 Auto vars:     Size  Location     Type
		None
 Return value:  Size  Location     Type
                  1    wreg      void 
 Registers used:
		wreg, status,2, status,0, cstack
 Tracked objects:
		On entry : 
		On exit  : 
		Unchanged: 
 Data sizes:     COMRAM   BANK0   BANK1   BANK2   BANK3   BANK4   BANK5   BANK6   BANK7
      Params:         0       0       0       0       0       0       0       0       0
      Locals:         0       0       0       0       0       0       0       0       0
      Temps:          0       0       0       0       0       0       0       0       0
      Totals:         0       0       0       0       0       0       0       0       0
Total ram usage:        0 bytes
 Hardware stack levels used:    1
 Hardware stack levels required when called:    2
 This function calls:
		_lcd_control
 This function is called by:
		_main
 This function uses a non-reentrant model


 *************** function _PWM *****************
 Defined at:
		line 40 in file "./Configuracion.h"
 Parameters:    Size  Location     Type
		None
 Auto vars:     Size  Location     Type
		None
 Return value:  Size  Location     Type
                  1    wreg      void 
 Registers used:
		wreg, status,2, status,0, prodl, prodh
 Tracked objects:
		On entry : 
		On exit  : 
		Unchanged: 
 Data sizes:     COMRAM   BANK0   BANK1   BANK2   BANK3   BANK4   BANK5   BANK6   BANK7
      Params:         0       0       0       0       0       0       0       0       0
      Locals:         0       0       0       0       0       0       0       0       0
      Temps:          0       0       0       0       0       0       0       0       0
      Totals:         0       0       0       0       0       0       0       0       0
Total ram usage:        0 bytes
 Hardware stack levels used:    1
 This function calls:
		Nothing
 This function is called by:
		_main
 This function uses a non-reentrant model


 *************** function _Configuracion_Registros *****************
 Defined at:
		line 10 in file "./Configuracion.h"
 Parameters:    Size  Location     Type
		None
 Auto vars:     Size  Location     Type
		None
 Return value:  Size  Location     Type
                  1    wreg      void 
 Registers used:
		wreg, status,2
 Tracked objects:
		On entry : 
		On exit  : 
		Unchanged: 
 Data sizes:     COMRAM   BANK0   BANK1   BANK2   BANK3   BANK4   BANK5   BANK6   BANK7
      Params:         0       0       0       0       0       0       0       0       0
      Locals:         0       0       0       0       0       0       0       0       0
      Temps:          0       0       0       0       0       0       0       0       0
      Totals:         0       0       0       0       0       0       0       0       0
Total ram usage:        0 bytes
 Hardware stack levels used:    1
 This function calls:
		Nothing
 This function is called by:
		_main
 This function uses a non-reentrant model


 *************** function _Ciclo_Util *****************
 Defined at:
		line 17 in file "./Configuracion.h"
 Parameters:    Size  Location     Type
		None
 Auto vars:     Size  Location     Type
  dutycycle       4   98[BANK0 ] float 
  dutycyclet      4   94[BANK0 ] float 
 Return value:  Size  Location     Type
                  1    wreg      void 
 Registers used:
		wreg, fsr1l, fsr1h, fsr2l, fsr2h, status,2, status,0, tblptrl, tblptrh, tblptru, prodl, prodh, cstack
 Tracked objects:
		On entry : 
		On exit  : 
		Unchanged: 
 Data sizes:     COMRAM   BANK0   BANK1   BANK2   BANK3   BANK4   BANK5   BANK6   BANK7
      Params:         0       0       0       0       0       0       0       0       0
      Locals:         0       8       0       0       0       0       0       0       0
      Temps:          0       4       0       0       0       0       0       0       0
      Totals:         0      12       0       0       0       0       0       0       0
Total ram usage:       12 bytes
 Hardware stack levels used:    1
 Hardware stack levels required when called:    8
 This function calls:
		___fldiv
		___flmul
		___fltol
		___xxtofl
		_lcd_goto
		_lcd_print
		_sprintf
 This function is called by:
		_main
 This function uses a non-reentrant model


 *************** function _sprintf *****************
 Defined at:
		line 9 in file "C:\Program Files\Microchip\xc8\v2.31\pic\sources\c99\common\nf_sprintf.c"
 Parameters:    Size  Location     Type
  s               2   72[BANK0 ] PTR unsigned char 
		 -> dc(10), 
  fmt             2   74[BANK0 ] PTR const unsigned char 
		 -> STR_1(3), 
 Auto vars:     Size  Location     Type
  f               6   84[BANK0 ] struct _IO_FILE
  ap              2   82[BANK0 ] PTR void [1]
		 -> ?_sprintf(2), 
  ret             2    0        int 
 Return value:  Size  Location     Type
                  2   72[BANK0 ] int 
 Registers used:
		wreg, fsr1l, fsr1h, fsr2l, fsr2h, status,2, status,0, tblptrl, tblptrh, tblptru, prodl, prodh, cstack
 Tracked objects:
		On entry : 
		On exit  : 
		Unchanged: 
 Data sizes:     COMRAM   BANK0   BANK1   BANK2   BANK3   BANK4   BANK5   BANK6   BANK7
      Params:         0       8       0       0       0       0       0       0       0
      Locals:         0      10       0       0       0       0       0       0       0
      Temps:          0       0       0       0       0       0       0       0       0
      Totals:         0      18       0       0       0       0       0       0       0
Total ram usage:       18 bytes
 Hardware stack levels used:    1
 Hardware stack levels required when called:    7
 This function calls:
		_vfprintf
 This function is called by:
		_Ciclo_Util
 This function uses a non-reentrant model


 *************** function _vfprintf *****************
 Defined at:
		line 1390 in file "C:\Program Files\Microchip\xc8\v2.31\pic\sources\c99\common\doprnt.c"
 Parameters:    Size  Location     Type
  fp              2   66[BANK0 ] PTR struct _IO_FILE
		 -> sprintf@f(6), 
  fmt             2   68[BANK0 ] PTR const unsigned char 
		 -> STR_1(3), 
  ap              2   70[BANK0 ] PTR PTR void 
		 -> sprintf@ap(2), 
 Auto vars:     Size  Location     Type
  cfmt            2   92[COMRAM] PTR unsigned char 
		 -> STR_1(3), 
 Return value:  Size  Location     Type
                  2   66[BANK0 ] int 
 Registers used:
		wreg, fsr1l, fsr1h, fsr2l, fsr2h, status,2, status,0, tblptrl, tblptrh, tblptru, prodl, prodh, cstack
 Tracked objects:
		On entry : 
		On exit  : 
		Unchanged: 
 Data sizes:     COMRAM   BANK0   BANK1   BANK2   BANK3   BANK4   BANK5   BANK6   BANK7
      Params:         0       6       0       0       0       0       0       0       0
      Locals:         2       0       0       0       0       0       0       0       0
      Temps:          0       0       0       0       0       0       0       0       0
      Totals:         2       6       0       0       0       0       0       0       0
Total ram usage:        8 bytes
 Hardware stack levels used:    1
 Hardware stack levels required when called:    6
 This function calls:
		_vfpfcnvrt
 This function is called by:
		_sprintf
 This function uses a non-reentrant model


 *************** function _vfpfcnvrt *****************
 Defined at:
		line 692 in file "C:\Program Files\Microchip\xc8\v2.31\pic\sources\c99\common\doprnt.c"
 Parameters:    Size  Location     Type
  fp              2   82[COMRAM] PTR struct _IO_FILE
		 -> sprintf@f(6), 
  fmt             2   84[COMRAM] PTR PTR unsigned char 
		 -> vfprintf@cfmt(2), 
  ap              2   86[COMRAM] PTR PTR void 
		 -> sprintf@ap(2), 
 Auto vars:     Size  Location     Type
  llu             8    0        unsigned long long 
  ll              8    0        long long 
  f               4   58[BANK0 ] long long 
  ct              3   62[BANK0 ] unsigned char [3]
  vp              3    0        PTR void 
  cp              3    0        PTR unsigned char 
  i               2    0        int 
  done            2    0        int 
  c               1   65[BANK0 ] unsigned char 
 Return value:  Size  Location     Type
                  2   82[COMRAM] int 
 Registers used:
		wreg, fsr1l, fsr1h, fsr2l, fsr2h, status,2, status,0, tblptrl, tblptrh, tblptru, prodl, prodh, cstack
 Tracked objects:
		On entry : 
		On exit  : 
		Unchanged: 
 Data sizes:     COMRAM   BANK0   BANK1   BANK2   BANK3   BANK4   BANK5   BANK6   BANK7
      Params:         6       0       0       0       0       0       0       0       0
      Locals:         0      10       0       0       0       0       0       0       0
      Temps:          4       0       0       0       0       0       0       0       0
      Totals:        10      10       0       0       0       0       0       0       0
Total ram usage:       20 bytes
 Hardware stack levels used:    1
 Hardware stack levels required when called:    5
 This function calls:
		_efgtoa
		_fputc
		_isupper
		_strncmp
		_tolower
 This function is called by:
		_vfprintf
 This function uses a non-reentrant model


 *************** function _strncmp *****************
 Defined at:
		line 3 in file "C:\Program Files\Microchip\xc8\v2.31\pic\sources\c99\common\strncmp.c"
 Parameters:    Size  Location     Type
  _l              2    0[COMRAM] PTR const unsigned char 
		 -> vfpfcnvrt@ct(3), 
  _r              2    2[COMRAM] PTR const unsigned char 
		 -> STR_16(3), 
  n               2    4[COMRAM] unsigned int 
 Auto vars:     Size  Location     Type
  r               2    9[COMRAM] PTR const unsigned char 
		 -> STR_16(3), 
  l               2    7[COMRAM] PTR const unsigned char 
		 -> vfpfcnvrt@ct(3), 
 Return value:  Size  Location     Type
                  2    0[COMRAM] int 
 Registers used:
		wreg, fsr2l, fsr2h, status,2, status,0, tblptrl, tblptrh, tblptru
 Tracked objects:
		On entry : 
		On exit  : 
		Unchanged: 
 Data sizes:     COMRAM   BANK0   BANK1   BANK2   BANK3   BANK4   BANK5   BANK6   BANK7
      Params:         6       0       0       0       0       0       0       0       0
      Locals:         4       0       0       0       0       0       0       0       0
      Temps:          1       0       0       0       0       0       0       0       0
      Totals:        11       0       0       0       0       0       0       0       0
Total ram usage:       11 bytes
 Hardware stack levels used:    1
 This function calls:
		Nothing
 This function is called by:
		_vfpfcnvrt
 This function uses a non-reentrant model


 *************** function _efgtoa *****************
 Defined at:
		line 332 in file "C:\Program Files\Microchip\xc8\v2.31\pic\sources\c99\common\doprnt.c"
 Parameters:    Size  Location     Type
  fp              2   70[COMRAM] PTR struct _IO_FILE
		 -> sprintf@f(6), 
  f               4   72[COMRAM] PTR struct _IO_FILE
  c               1   76[COMRAM] unsigned char 
 Auto vars:     Size  Location     Type
  u               4   52[BANK0 ] unsigned char 
  g               4   44[BANK0 ] unsigned char 
  l               4   38[BANK0 ] unsigned char 
  h               4   34[BANK0 ] unsigned char 
  ou              4   20[BANK0 ] unsigned char 
  n               2   50[BANK0 ] int 
  e               2   48[BANK0 ] int 
  i               2   42[BANK0 ] int 
  w               2   30[BANK0 ] int 
  p               2   28[BANK0 ] int 
  sign            2   26[BANK0 ] int 
  d               2   24[BANK0 ] int 
  m               2   18[BANK0 ] int 
  ne              2   16[BANK0 ] int 
  pp              2   14[BANK0 ] int 
  t               2   12[BANK0 ] int 
  mode            1   33[BANK0 ] unsigned char 
  nmode           1   32[BANK0 ] unsigned char 
 Return value:  Size  Location     Type
                  2   70[COMRAM] int 
 Registers used:
		wreg, fsr1l, fsr1h, fsr2l, fsr2h, status,2, status,0, tblptrl, tblptrh, tblptru, prodl, prodh, cstack
 Tracked objects:
		On entry : 
		On exit  : 
		Unchanged: 
 Data sizes:     COMRAM   BANK0   BANK1   BANK2   BANK3   BANK4   BANK5   BANK6   BANK7
      Params:         7       0       0       0       0       0       0       0       0
      Locals:         0      56       0       0       0       0       0       0       0
      Temps:          5       0       0       0       0       0       0       0       0
      Totals:        12      56       0       0       0       0       0       0       0
Total ram usage:       68 bytes
 Hardware stack levels used:    1
 Hardware stack levels required when called:    4
 This function calls:
		___awdiv
		___awmod
		___fladd
		___fldiv
		___fleq
		___flge
		___flmul
		___flneg
		___flsub
		___fltol
		___fpclassifyf
		_floorf
		_isupper
		_pad
		_strcpy
		_tolower
 This function is called by:
		_vfpfcnvrt
 This function uses a non-reentrant model


 *************** function _tolower *****************
 Defined at:
		line 4 in file "C:\Program Files\Microchip\xc8\v2.31\pic\sources\c99\common\tolower.c"
 Parameters:    Size  Location     Type
  c               2    6[COMRAM] int 
 Auto vars:     Size  Location     Type
		None
 Return value:  Size  Location     Type
                  2    6[COMRAM] int 
 Registers used:
		wreg, status,2, status,0
 Tracked objects:
		On entry : 
		On exit  : 
		Unchanged: 
 Data sizes:     COMRAM   BANK0   BANK1   BANK2   BANK3   BANK4   BANK5   BANK6   BANK7
      Params:         2       0       0       0       0       0       0       0       0
      Locals:         2       0       0       0       0       0       0       0       0
      Temps:          4       0       0       0       0       0       0       0       0
      Totals:         8       0       0       0       0       0       0       0       0
Total ram usage:        8 bytes
 Hardware stack levels used:    1
 Hardware stack levels required when called:    1
 This function calls:
		_isupper
 This function is called by:
		_efgtoa
		_vfpfcnvrt
 This function uses a non-reentrant model


 *************** function _isupper *****************
 Defined at:
		line 5 in file "C:\Program Files\Microchip\xc8\v2.31\pic\sources\c99\common\isupper.c"
 Parameters:    Size  Location     Type
  c               2    0[COMRAM] int 
 Auto vars:     Size  Location     Type
		None
 Return value:  Size  Location     Type
                  2    0[COMRAM] int 
 Registers used:
		wreg, status,2, status,0
 Tracked objects:
		On entry : 
		On exit  : 
		Unchanged: 
 Data sizes:     COMRAM   BANK0   BANK1   BANK2   BANK3   BANK4   BANK5   BANK6   BANK7
      Params:         2       0       0       0       0       0       0       0       0
      Locals:         0       0       0       0       0       0       0       0       0
      Temps:          4       0       0       0       0       0       0       0       0
      Totals:         6       0       0       0       0       0       0       0       0
Total ram usage:        6 bytes
 Hardware stack levels used:    1
 This function calls:
		Nothing
 This function is called by:
		_efgtoa
		_vfpfcnvrt
		_tolower
 This function uses a non-reentrant model


 *************** function _strcpy *****************
 Defined at:
		line 3 in file "C:\Program Files\Microchip\xc8\v2.31\pic\sources\c99\common\strcpy.c"
 Parameters:    Size  Location     Type
  dest            2    0[COMRAM] PTR unsigned char 
		 -> dbuf(80), 
  src             2    2[COMRAM] PTR const unsigned char 
		 -> STR_11(4), STR_10(4), STR_7(4), STR_6(4), 
		 -> dbuf(80), 
 Auto vars:     Size  Location     Type
  d               2    8[COMRAM] PTR unsigned char 
		 -> dbuf(80), 
  s               2    6[COMRAM] PTR const unsigned char 
		 -> STR_11(4), STR_10(4), STR_7(4), STR_6(4), 
		 -> dbuf(80), 
 Return value:  Size  Location     Type
                  2    0[COMRAM] PTR unsigned char 
 Registers used:
		wreg, fsr1l, fsr1h, fsr2l, fsr2h, status,2, status,0, tblptrl, tblptrh, tblptru
 Tracked objects:
		On entry : 
		On exit  : 
		Unchanged: 
 Data sizes:     COMRAM   BANK0   BANK1   BANK2   BANK3   BANK4   BANK5   BANK6   BANK7
      Params:         4       0       0       0       0       0       0       0       0
      Locals:         4       0       0       0       0       0       0       0       0
      Temps:          2       0       0       0       0       0       0       0       0
      Totals:        10       0       0       0       0       0       0       0       0
Total ram usage:       10 bytes
 Hardware stack levels used:    1
 This function calls:
		Nothing
 This function is called by:
		_efgtoa
 This function uses a non-reentrant model


 *************** function _pad *****************
 Defined at:
		line 72 in file "C:\Program Files\Microchip\xc8\v2.31\pic\sources\c99\common\doprnt.c"
 Parameters:    Size  Location     Type
  fp              2   16[COMRAM] PTR struct _IO_FILE
		 -> sprintf@f(6), 
  buf             2   18[COMRAM] PTR unsigned char 
		 -> dbuf(80), 
  p               2   20[COMRAM] int 
 Auto vars:     Size  Location     Type
  w               2   25[COMRAM] int 
  i               2   23[COMRAM] int 
 Return value:  Size  Location     Type
                  2   16[COMRAM] int 
 Registers used:
		wreg, fsr1l, fsr1h, fsr2l, fsr2h, status,2, status,0, cstack
 Tracked objects:
		On entry : 
		On exit  : 
		Unchanged: 
 Data sizes:     COMRAM   BANK0   BANK1   BANK2   BANK3   BANK4   BANK5   BANK6   BANK7
      Params:         6       0       0       0       0       0       0       0       0
      Locals:         4       0       0       0       0       0       0       0       0
      Temps:          1       0       0       0       0       0       0       0       0
      Totals:        11       0       0       0       0       0       0       0       0
Total ram usage:       11 bytes
 Hardware stack levels used:    1
 Hardware stack levels required when called:    3
 This function calls:
		_fputc
		_fputs
		_strlen
 This function is called by:
		_efgtoa
 This function uses a non-reentrant model


 *************** function _strlen *****************
 Defined at:
		line 5 in file "C:\Program Files\Microchip\xc8\v2.31\pic\sources\c99\common\strlen.c"
 Parameters:    Size  Location     Type
  s               2    0[COMRAM] PTR const unsigned char 
		 -> dbuf(80), 
 Auto vars:     Size  Location     Type
  a               2    2[COMRAM] PTR const unsigned char 
		 -> dbuf(80), 
 Return value:  Size  Location     Type
                  2    0[COMRAM] unsigned int 
 Registers used:
		wreg, fsr2l, fsr2h, status,2, status,0
 Tracked objects:
		On entry : 
		On exit  : 
		Unchanged: 
 Data sizes:     COMRAM   BANK0   BANK1   BANK2   BANK3   BANK4   BANK5   BANK6   BANK7
      Params:         2       0       0       0       0       0       0       0       0
      Locals:         2       0       0       0       0       0       0       0       0
      Temps:          0       0       0       0       0       0       0       0       0
      Totals:         4       0       0       0       0       0       0       0       0
Total ram usage:        4 bytes
 Hardware stack levels used:    1
 This function calls:
		Nothing
 This function is called by:
		_pad
 This function uses a non-reentrant model


 *************** function _fputs *****************
 Defined at:
		line 8 in file "C:\Program Files\Microchip\xc8\v2.31\pic\sources\c99\common\nf_fputs.c"
 Parameters:    Size  Location     Type
  s               2    9[COMRAM] PTR const unsigned char 
		 -> dbuf(80), 
  fp              2   11[COMRAM] PTR struct _IO_FILE
		 -> sprintf@f(6), 
 Auto vars:     Size  Location     Type
  i               2   14[COMRAM] int 
  c               1   13[COMRAM] unsigned char 
 Return value:  Size  Location     Type
                  2    9[COMRAM] int 
 Registers used:
		wreg, fsr1l, fsr1h, fsr2l, fsr2h, status,2, status,0, cstack
 Tracked objects:
		On entry : 
		On exit  : 
		Unchanged: 
 Data sizes:     COMRAM   BANK0   BANK1   BANK2   BANK3   BANK4   BANK5   BANK6   BANK7
      Params:         4       0       0       0       0       0       0       0       0
      Locals:         3       0       0       0       0       0       0       0       0
      Temps:          0       0       0       0       0       0       0       0       0
      Totals:         7       0       0       0       0       0       0       0       0
Total ram usage:        7 bytes
 Hardware stack levels used:    1
 Hardware stack levels required when called:    2
 This function calls:
		_fputc
 This function is called by:
		_pad
 This function uses a non-reentrant model


 *************** function _fputc *****************
 Defined at:
		line 8 in file "C:\Program Files\Microchip\xc8\v2.31\pic\sources\c99\common\nf_fputc.c"
 Parameters:    Size  Location     Type
  c               2    0[COMRAM] int 
  fp              2    2[COMRAM] PTR struct _IO_FILE
		 -> sprintf@f(6), 
 Auto vars:     Size  Location     Type
		None
 Return value:  Size  Location     Type
                  2    0[COMRAM] int 
 Registers used:
		wreg, fsr1l, fsr1h, fsr2l, fsr2h, status,2, status,0, cstack
 Tracked objects:
		On entry : 
		On exit  : 
		Unchanged: 
 Data sizes:     COMRAM   BANK0   BANK1   BANK2   BANK3   BANK4   BANK5   BANK6   BANK7
      Params:         4       0       0       0       0       0       0       0       0
      Locals:         0       0       0       0       0       0       0       0       0
      Temps:          5       0       0       0       0       0       0       0       0
      Totals:         9       0       0       0       0       0       0       0       0
Total ram usage:        9 bytes
 Hardware stack levels used:    1
 Hardware stack levels required when called:    1
 This function calls:
		_putch
 This function is called by:
		_pad
		_vfpfcnvrt
		_fputs
 This function uses a non-reentrant model


 *************** function _putch *****************
 Defined at:
		line 7 in file "C:\Program Files\Microchip\xc8\v2.31\pic\sources\c99\common\putch.c"
 Parameters:    Size  Location     Type
  c               1    wreg     unsigned char 
 Auto vars:     Size  Location     Type
  c               1    0[COMRAM] unsigned char 
 Return value:  Size  Location     Type
                  1    wreg      void 
 Registers used:
		wreg
 Tracked objects:
		On entry : 
		On exit  : 
		Unchanged: 
 Data sizes:     COMRAM   BANK0   BANK1   BANK2   BANK3   BANK4   BANK5   BANK6   BANK7
      Params:         0       0       0       0       0       0       0       0       0
      Locals:         0       0       0       0       0       0       0       0       0
      Temps:          0       0       0       0       0       0       0       0       0
      Totals:         0       0       0       0       0       0       0       0       0
Total ram usage:        0 bytes
 Hardware stack levels used:    1
 This function calls:
		Nothing
 This function is called by:
		_fputc
 This function uses a non-reentrant model


 *************** function _floorf *****************
 Defined at:
		line 3 in file "C:\Program Files\Microchip\xc8\v2.31\pic\sources\c99\common\floorf.c"
 Parameters:    Size  Location     Type
  x               4   50[COMRAM] float 
 Auto vars:     Size  Location     Type
  u               4   66[COMRAM] struct .
  m               4   60[COMRAM] unsigned long 
  e               2   64[COMRAM] int 
 Return value:  Size  Location     Type
                  4   50[COMRAM] float 
 Registers used:
		wreg, status,2, status,0
 Tracked objects:
		On entry : 
		On exit  : 
		Unchanged: 
 Data sizes:     COMRAM   BANK0   BANK1   BANK2   BANK3   BANK4   BANK5   BANK6   BANK7
      Params:         4       0       0       0       0       0       0       0       0
      Locals:        10       0       0       0       0       0       0       0       0
      Temps:          6       0       0       0       0       0       0       0       0
      Totals:        20       0       0       0       0       0       0       0       0
Total ram usage:       20 bytes
 Hardware stack levels used:    1
 This function calls:
		Nothing
 This function is called by:
		_efgtoa
 This function uses a non-reentrant model


 *************** function ___fpclassifyf *****************
 Defined at:
		line 4 in file "C:\Program Files\Microchip\xc8\v2.31\pic\sources\c99\common\__fpclassifyf.c"
 Parameters:    Size  Location     Type
  x               4    0[COMRAM] float 
 Auto vars:     Size  Location     Type
  u               4   10[COMRAM] struct .
  e               2    8[COMRAM] int 
 Return value:  Size  Location     Type
                  2    0[COMRAM] int 
 Registers used:
		wreg, status,2, status,0
 Tracked objects:
		On entry : 
		On exit  : 
		Unchanged: 
 Data sizes:     COMRAM   BANK0   BANK1   BANK2   BANK3   BANK4   BANK5   BANK6   BANK7
      Params:         4       0       0       0       0       0       0       0       0
      Locals:         6       0       0       0       0       0       0       0       0
      Temps:          4       0       0       0       0       0       0       0       0
      Totals:        14       0       0       0       0       0       0       0       0
Total ram usage:       14 bytes
 Hardware stack levels used:    1
 This function calls:
		Nothing
 This function is called by:
		_efgtoa
 This function uses a non-reentrant model


 *************** function ___fltol *****************
 Defined at:
		line 43 in file "C:\Program Files\Microchip\xc8\v2.31\pic\sources\c99\common\fltol.c"
 Parameters:    Size  Location     Type
  f1              4    0[COMRAM] int 
 Auto vars:     Size  Location     Type
  exp1            1    9[COMRAM] unsigned char 
  sign1           1    8[COMRAM] unsigned char 
 Return value:  Size  Location     Type
                  4    0[COMRAM] long 
 Registers used:
		wreg, status,2, status,0
 Tracked objects:
		On entry : 
		On exit  : 
		Unchanged: 
 Data sizes:     COMRAM   BANK0   BANK1   BANK2   BANK3   BANK4   BANK5   BANK6   BANK7
      Params:         4       0       0       0       0       0       0       0       0
      Locals:         2       0       0       0       0       0       0       0       0
      Temps:          4       0       0       0       0       0       0       0       0
      Totals:        10       0       0       0       0       0       0       0       0
Total ram usage:       10 bytes
 Hardware stack levels used:    1
 This function calls:
		Nothing
 This function is called by:
		_Ciclo_Util
		_efgtoa
 This function uses a non-reentrant model


 *************** function ___flsub *****************
 Defined at:
		line 245 in file "C:\Program Files\Microchip\xc8\v2.31\pic\sources\c99\common\sprcadd.c"
 Parameters:    Size  Location     Type
  b               4   25[COMRAM] long 
  a               4   29[COMRAM] long 
 Auto vars:     Size  Location     Type
		None
 Return value:  Size  Location     Type
                  4   25[COMRAM] long 
 Registers used:
		wreg, status,2, status,0, cstack
 Tracked objects:
		On entry : 
		On exit  : 
		Unchanged: 
 Data sizes:     COMRAM   BANK0   BANK1   BANK2   BANK3   BANK4   BANK5   BANK6   BANK7
      Params:         8       0       0       0       0       0       0       0       0
      Locals:         0       0       0       0       0       0       0       0       0
      Temps:          0       0       0       0       0       0       0       0       0
      Totals:         8       0       0       0       0       0       0       0       0
Total ram usage:        8 bytes
 Hardware stack levels used:    1
 Hardware stack levels required when called:    1
 This function calls:
		___fladd
 This function is called by:
		_efgtoa
 This function uses a non-reentrant model


 *************** function ___fladd *****************
 Defined at:
		line 10 in file "C:\Program Files\Microchip\xc8\v2.31\pic\sources\c99\common\sprcadd.c"
 Parameters:    Size  Location     Type
  b               4    0[COMRAM] long 
  a               4    4[COMRAM] long 
 Auto vars:     Size  Location     Type
  grs             1   15[COMRAM] unsigned char 
  bexp            1   14[COMRAM] unsigned char 
  aexp            1   13[COMRAM] unsigned char 
  signs           1   12[COMRAM] unsigned char 
 Return value:  Size  Location     Type
                  4    0[COMRAM] unsigned char 
 Registers used:
		wreg, status,2, status,0
 Tracked objects:
		On entry : 
		On exit  : 
		Unchanged: 
 Data sizes:     COMRAM   BANK0   BANK1   BANK2   BANK3   BANK4   BANK5   BANK6   BANK7
      Params:         8       0       0       0       0       0       0       0       0
      Locals:         4       0       0       0       0       0       0       0       0
      Temps:          4       0       0       0       0       0       0       0       0
      Totals:        16       0       0       0       0       0       0       0       0
Total ram usage:       16 bytes
 Hardware stack levels used:    1
 This function calls:
		Nothing
 This function is called by:
		___flsub
		_efgtoa
 This function uses a non-reentrant model


 *************** function ___flneg *****************
 Defined at:
		line 15 in file "C:\Program Files\Microchip\xc8\v2.31\pic\sources\c99\common\flneg.c"
 Parameters:    Size  Location     Type
  f1              4    0[COMRAM] unsigned char 
 Auto vars:     Size  Location     Type
		None
 Return value:  Size  Location     Type
                  4    0[COMRAM] unsigned char 
 Registers used:
		wreg, status,2, status,0
 Tracked objects:
		On entry : 
		On exit  : 
		Unchanged: 
 Data sizes:     COMRAM   BANK0   BANK1   BANK2   BANK3   BANK4   BANK5   BANK6   BANK7
      Params:         4       0       0       0       0       0       0       0       0
      Locals:         0       0       0       0       0       0       0       0       0
      Temps:          0       0       0       0       0       0       0       0       0
      Totals:         4       0       0       0       0       0       0       0       0
Total ram usage:        4 bytes
 Hardware stack levels used:    1
 This function calls:
		Nothing
 This function is called by:
		_efgtoa
 This function uses a non-reentrant model


 *************** function ___flmul *****************
 Defined at:
		line 8 in file "C:\Program Files\Microchip\xc8\v2.31\pic\sources\c99\common\sprcmul.c"
 Parameters:    Size  Location     Type
  b               4    0[COMRAM] unsigned char 
  a               4    4[COMRAM] unsigned char 
 Auto vars:     Size  Location     Type
  prod            4   19[COMRAM] struct .
  grs             4   13[COMRAM] unsigned long 
  temp            2   23[COMRAM] struct .
  bexp            1   18[COMRAM] unsigned char 
  aexp            1   17[COMRAM] unsigned char 
  sign            1   12[COMRAM] unsigned char 
 Return value:  Size  Location     Type
                  4    0[COMRAM] unsigned char 
 Registers used:
		wreg, status,2, status,0, prodl, prodh
 Tracked objects:
		On entry : 
		On exit  : 
		Unchanged: 
 Data sizes:     COMRAM   BANK0   BANK1   BANK2   BANK3   BANK4   BANK5   BANK6   BANK7
      Params:         8       0       0       0       0       0       0       0       0
      Locals:        13       0       0       0       0       0       0       0       0
      Temps:          4       0       0       0       0       0       0       0       0
      Totals:        25       0       0       0       0       0       0       0       0
Total ram usage:       25 bytes
 Hardware stack levels used:    1
 This function calls:
		Nothing
 This function is called by:
		_Ciclo_Util
		_efgtoa
 This function uses a non-reentrant model


 *************** function ___flge *****************
 Defined at:
		line 4 in file "C:\Program Files\Microchip\xc8\v2.31\pic\sources\c99\common\flge.c"
 Parameters:    Size  Location     Type
  ff1             4   25[COMRAM] unsigned char 
  ff2             4   29[COMRAM] unsigned char 
 Auto vars:     Size  Location     Type
		None
 Return value:  Size  Location     Type
		None               void
 Registers used:
		wreg, status,2, status,0
 Tracked objects:
		On entry : 
		On exit  : 
		Unchanged: 
 Data sizes:     COMRAM   BANK0   BANK1   BANK2   BANK3   BANK4   BANK5   BANK6   BANK7
      Params:         8       0       0       0       0       0       0       0       0
      Locals:         0       0       0       0       0       0       0       0       0
      Temps:          4       0       0       0       0       0       0       0       0
      Totals:        12       0       0       0       0       0       0       0       0
Total ram usage:       12 bytes
 Hardware stack levels used:    1
 This function calls:
		Nothing
 This function is called by:
		_efgtoa
 This function uses a non-reentrant model


 *************** function ___fleq *****************
 Defined at:
		line 4 in file "C:\Program Files\Microchip\xc8\v2.31\pic\sources\c99\common\fleq.c"
 Parameters:    Size  Location     Type
  ff1             4    0[COMRAM] unsigned char 
  ff2             4    4[COMRAM] unsigned char 
 Auto vars:     Size  Location     Type
		None
 Return value:  Size  Location     Type
		None               void
 Registers used:
		wreg, status,2, status,0
 Tracked objects:
		On entry : 
		On exit  : 
		Unchanged: 
 Data sizes:     COMRAM   BANK0   BANK1   BANK2   BANK3   BANK4   BANK5   BANK6   BANK7
      Params:         8       0       0       0       0       0       0       0       0
      Locals:         0       0       0       0       0       0       0       0       0
      Temps:          4       0       0       0       0       0       0       0       0
      Totals:        12       0       0       0       0       0       0       0       0
Total ram usage:       12 bytes
 Hardware stack levels used:    1
 This function calls:
		Nothing
 This function is called by:
		_efgtoa
 This function uses a non-reentrant model


 *************** function ___fldiv *****************
 Defined at:
		line 11 in file "C:\Program Files\Microchip\xc8\v2.31\pic\sources\c99\common\sprcdiv.c"
 Parameters:    Size  Location     Type
  b               4   25[COMRAM] unsigned char 
  a               4   29[COMRAM] unsigned char 
 Auto vars:     Size  Location     Type
  grs             4   44[COMRAM] unsigned long 
  rem             4   37[COMRAM] unsigned long 
  new_exp         2   42[COMRAM] short 
  aexp            1   49[COMRAM] unsigned char 
  bexp            1   48[COMRAM] unsigned char 
  sign            1   41[COMRAM] unsigned char 
 Return value:  Size  Location     Type
                  4   25[COMRAM] unsigned char 
 Registers used:
		wreg, status,2, status,0
 Tracked objects:
		On entry : 
		On exit  : 
		Unchanged: 
 Data sizes:     COMRAM   BANK0   BANK1   BANK2   BANK3   BANK4   BANK5   BANK6   BANK7
      Params:         8       0       0       0       0       0       0       0       0
      Locals:        13       0       0       0       0       0       0       0       0
      Temps:          4       0       0       0       0       0       0       0       0
      Totals:        25       0       0       0       0       0       0       0       0
Total ram usage:       25 bytes
 Hardware stack levels used:    1
 This function calls:
		Nothing
 This function is called by:
		_Ciclo_Util
		_efgtoa
 This function uses a non-reentrant model


 *************** function ___awmod *****************
 Defined at:
		line 7 in file "C:\Program Files\Microchip\xc8\v2.31\pic\sources\c99\common\awmod.c"
 Parameters:    Size  Location     Type
  dividend        2    0[COMRAM] int 
  divisor         2    2[COMRAM] int 
 Auto vars:     Size  Location     Type
  sign            1    5[COMRAM] unsigned char 
  counter         1    4[COMRAM] unsigned char 
 Return value:  Size  Location     Type
                  2    0[COMRAM] int 
 Registers used:
		wreg, status,2, status,0
 Tracked objects:
		On entry : 
		On exit  : 
		Unchanged: 
 Data sizes:     COMRAM   BANK0   BANK1   BANK2   BANK3   BANK4   BANK5   BANK6   BANK7
      Params:         4       0       0       0       0       0       0       0       0
      Locals:         2       0       0       0       0       0       0       0       0
      Temps:          0       0       0       0       0       0       0       0       0
      Totals:         6       0       0       0       0       0       0       0       0
Total ram usage:        6 bytes
 Hardware stack levels used:    1
 This function calls:
		Nothing
 This function is called by:
		_efgtoa
 This function uses a non-reentrant model


 *************** function ___awdiv *****************
 Defined at:
		line 7 in file "C:\Program Files\Microchip\xc8\v2.31\pic\sources\c99\common\awdiv.c"
 Parameters:    Size  Location     Type
  dividend        2    0[COMRAM] int 
  divisor         2    2[COMRAM] int 
 Auto vars:     Size  Location     Type
  quotient        2    6[COMRAM] int 
  sign            1    5[COMRAM] unsigned char 
  counter         1    4[COMRAM] unsigned char 
 Return value:  Size  Location     Type
                  2    0[COMRAM] int 
 Registers used:
		wreg, status,2, status,0
 Tracked objects:
		On entry : 
		On exit  : 
		Unchanged: 
 Data sizes:     COMRAM   BANK0   BANK1   BANK2   BANK3   BANK4   BANK5   BANK6   BANK7
      Params:         4       0       0       0       0       0       0       0       0
      Locals:         4       0       0       0       0       0       0       0       0
      Temps:          0       0       0       0       0       0       0       0       0
      Totals:         8       0       0       0       0       0       0       0       0
Total ram usage:        8 bytes
 Hardware stack levels used:    1
 This function calls:
		Nothing
 This function is called by:
		_efgtoa
 This function uses a non-reentrant model


 *************** function _lcd_print *****************
 Defined at:
		line 86 in file "./LCD.h"
 Parameters:    Size  Location     Type
  dato            2    2[COMRAM] PTR unsigned char 
		 -> STR_5(3), STR_4(12), STR_3(10), STR_2(2), 
		 -> dc(10), 
 Auto vars:     Size  Location     Type
		None
 Return value:  Size  Location     Type
                  1    wreg      void 
 Registers used:
		wreg, fsr1l, fsr1h, status,2, status,0, tblptrl, tblptrh, tblptru, cstack
 Tracked objects:
		On entry : 
		On exit  : 
		Unchanged: 
 Data sizes:     COMRAM   BANK0   BANK1   BANK2   BANK3   BANK4   BANK5   BANK6   BANK7
      Params:         2       0       0       0       0       0       0       0       0
      Locals:         0       0       0       0       0       0       0       0       0
      Temps:          0       0       0       0       0       0       0       0       0
      Totals:         2       0       0       0       0       0       0       0       0
Total ram usage:        2 bytes
 Hardware stack levels used:    1
 Hardware stack levels required when called:    2
 This function calls:
		_lcd_dato
 This function is called by:
		_Ciclo_Util
		_main
 This function uses a non-reentrant model


 *************** function _lcd_dato *****************
 Defined at:
		line 60 in file "./LCD.h"
 Parameters:    Size  Location     Type
  dato            1    wreg     unsigned char 
 Auto vars:     Size  Location     Type
  dato            1    1[COMRAM] unsigned char 
 Return value:  Size  Location     Type
                  1    wreg      void 
 Registers used:
		wreg, status,2, status,0, cstack
 Tracked objects:
		On entry : 
		On exit  : 
		Unchanged: 
 Data sizes:     COMRAM   BANK0   BANK1   BANK2   BANK3   BANK4   BANK5   BANK6   BANK7
      Params:         0       0       0       0       0       0       0       0       0
      Locals:         1       0       0       0       0       0       0       0       0
      Temps:          1       0       0       0       0       0       0       0       0
      Totals:         2       0       0       0       0       0       0       0       0
Total ram usage:        2 bytes
 Hardware stack levels used:    1
 Hardware stack levels required when called:    1
 This function calls:
		_lcd_time_control
 This function is called by:
		_lcd_print
 This function uses a non-reentrant model


 *************** function _lcd_goto *****************
 Defined at:
		line 96 in file "./LCD.h"
 Parameters:    Size  Location     Type
  x               2    2[COMRAM] int 
  y               2    4[COMRAM] int 
 Auto vars:     Size  Location     Type
  posicion        1    8[COMRAM] unsigned char 
 Return value:  Size  Location     Type
                  1    wreg      void 
 Registers used:
		wreg, status,2, status,0, cstack
 Tracked objects:
		On entry : 
		On exit  : 
		Unchanged: 
 Data sizes:     COMRAM   BANK0   BANK1   BANK2   BANK3   BANK4   BANK5   BANK6   BANK7
      Params:         4       0       0       0       0       0       0       0       0
      Locals:         1       0       0       0       0       0       0       0       0
      Temps:          2       0       0       0       0       0       0       0       0
      Totals:         7       0       0       0       0       0       0       0       0
Total ram usage:        7 bytes
 Hardware stack levels used:    1
 Hardware stack levels required when called:    2
 This function calls:
		_lcd_control
 This function is called by:
		_Ciclo_Util
		_main
 This function uses a non-reentrant model


 *************** function _lcd_control *****************
 Defined at:
		line 46 in file "./LCD.h"
 Parameters:    Size  Location     Type
  dato            1    wreg     unsigned char 
 Auto vars:     Size  Location     Type
  dato            1    1[COMRAM] unsigned char 
 Return value:  Size  Location     Type
                  1    wreg      void 
 Registers used:
		wreg, status,2, status,0, cstack
 Tracked objects:
		On entry : 
		On exit  : 
		Unchanged: 
 Data sizes:     COMRAM   BANK0   BANK1   BANK2   BANK3   BANK4   BANK5   BANK6   BANK7
      Params:         0       0       0       0       0       0       0       0       0
      Locals:         1       0       0       0       0       0       0       0       0
      Temps:          1       0       0       0       0       0       0       0       0
      Totals:         2       0       0       0       0       0       0       0       0
Total ram usage:        2 bytes
 Hardware stack levels used:    1
 Hardware stack levels required when called:    1
 This function calls:
		_lcd_time_control
 This function is called by:
		_lcd_init
		_lcd_clear_display
		_lcd_cursor_home
		_lcd_goto
 This function uses a non-reentrant model


 *************** function _lcd_time_control *****************
 Defined at:
		line 111 in file "./LCD.h"
 Parameters:    Size  Location     Type
		None
 Auto vars:     Size  Location     Type
		None
 Return value:  Size  Location     Type
                  1    wreg      void 
 Registers used:
		None
 Tracked objects:
		On entry : 
		On exit  : 
		Unchanged: 
 Data sizes:     COMRAM   BANK0   BANK1   BANK2   BANK3   BANK4   BANK5   BANK6   BANK7
      Params:         0       0       0       0       0       0       0       0       0
      Locals:         0       0       0       0       0       0       0       0       0
      Temps:          0       0       0       0       0       0       0       0       0
      Totals:         0       0       0       0       0       0       0       0       0
Total ram usage:        0 bytes
 Hardware stack levels used:    1
 This function calls:
		Nothing
 This function is called by:
		_lcd_control
		_lcd_dato
 This function uses a non-reentrant model


 *************** function ___xxtofl *****************
 Defined at:
		line 10 in file "C:\Program Files\Microchip\xc8\v2.31\pic\sources\c99\common\xxtofl.c"
 Parameters:    Size  Location     Type
  sign            1    wreg     unsigned char 
  val             4    0[COMRAM] long 
 Auto vars:     Size  Location     Type
  sign            1    8[COMRAM] unsigned char 
  arg             4   10[COMRAM] unsigned long 
  exp             1    9[COMRAM] unsigned char 
 Return value:  Size  Location     Type
                  4    0[COMRAM] unsigned char 
 Registers used:
		wreg, status,2, status,0
 Tracked objects:
		On entry : 
		On exit  : 
		Unchanged: 
 Data sizes:     COMRAM   BANK0   BANK1   BANK2   BANK3   BANK4   BANK5   BANK6   BANK7
      Params:         4       0       0       0       0       0       0       0       0
      Locals:         6       0       0       0       0       0       0       0       0
      Temps:          4       0       0       0       0       0       0       0       0
      Totals:        14       0       0       0       0       0       0       0       0
Total ram usage:       14 bytes
 Hardware stack levels used:    1
 This function calls:
		Nothing
 This function is called by:
		_Ciclo_Util
 This function uses a non-reentrant model



MODULE INFORMATION

Module		Function		Class		Link	Load	Size
C:\Program Files\Microchip\xc8\v2.31\pic\sources\c99\common\sprcadd.c
		___flsub       		CODE           	33FA	0000	70
		___fladd       		CODE           	148A	0000	1216

C:\Program Files\Microchip\xc8\v2.31\pic\sources\c99\common\sprcadd.c estimated size: 1286

C:\Program Files\Microchip\xc8\v2.31\pic\sources\c99\common\flneg.c
		___flneg       		CODE           	34F6	0000	56

C:\Program Files\Microchip\xc8\v2.31\pic\sources\c99\common\flneg.c estimated size: 56

C:\Program Files\Microchip\xc8\v2.31\pic\sources\c99\common\putch.c
		_putch         		CODE           	3610	0000	2

C:\Program Files\Microchip\xc8\v2.31\pic\sources\c99\common\putch.c estimated size: 2

C:\Program Files\Microchip\xc8\v2.31\pic\sources\c99\common\nf_fputs.c
		_fputs         		CODE           	3440	0000	68

C:\Program Files\Microchip\xc8\v2.31\pic\sources\c99\common\nf_fputs.c estimated size: 68

./Configuracion.h
		_PWM           		CODE           	30E2	0000	160
		_Ciclo_Util    		CODE           	281E	0000	312
		_Configuracion_Registros		CODE           	35F2	0000	14

./Configuracion.h estimated size: 486

C:\Program Files\Microchip\xc8\v2.31\pic\sources\c99\common\xxtofl.c
		___xxtofl      		CODE           	266A	0000	436

C:\Program Files\Microchip\xc8\v2.31\pic\sources\c99\common\xxtofl.c estimated size: 436

C:\Program Files\Microchip\xc8\v2.31\pic\sources\c99\common\fleq.c
		___fleq        		CODE           	3038	0000	170

C:\Program Files\Microchip\xc8\v2.31\pic\sources\c99\common\fleq.c estimated size: 170

C:\Program Files\Microchip\xc8\v2.31\pic\sources\c99\common\strlen.c
		_strlen        		CODE           	352E	0000	54

C:\Program Files\Microchip\xc8\v2.31\pic\sources\c99\common\strlen.c estimated size: 54

C:\Program Files\Microchip\xc8\v2.31\pic\sources\c99\common\floorf.c
		_floorf        		CODE           	2458	0000	530

C:\Program Files\Microchip\xc8\v2.31\pic\sources\c99\common\floorf.c estimated size: 530

C:\Program Files\Microchip\xc8\v2.31\pic\sources\c99\common\strcpy.c
		_strcpy        		CODE           	3300	0000	92

C:\Program Files\Microchip\xc8\v2.31\pic\sources\c99\common\strcpy.c estimated size: 92

C:\Program Files\Microchip\xc8\v2.31\pic\sources\c99\common\awmod.c
		___awmod       		CODE           	2F88	0000	176

C:\Program Files\Microchip\xc8\v2.31\pic\sources\c99\common\awmod.c estimated size: 176

newmain.c
		_main          		CODE           	3244	0000	94

newmain.c estimated size: 94

./LCD.h
		_lcd_time_control		CODE           	35E0	0000	18
		_lcd_cursor_home		CODE           	3600	0000	8
		_lcd_dato      		CODE           	3594	0000	42
		_lcd_goto      		CODE           	33AE	0000	76
		_lcd_print     		CODE           	32A2	0000	94
		_lcd_control   		CODE           	3564	0000	48
		_lcd_clear_display		CODE           	3608	0000	8
		_lcd_init      		CODE           	3484	0000	58

./LCD.h estimated size: 352

C:\Program Files\Microchip\xc8\v2.31\pic\sources\c99\common\isupper.c
		_isupper       		CODE           	34BE	0000	56

C:\Program Files\Microchip\xc8\v2.31\pic\sources\c99\common\isupper.c estimated size: 56

C:\Program Files\Microchip\xc8\v2.31\pic\sources\c99\common\nf_fputc.c
		_fputc         		CODE           	2D34	0000	202

C:\Program Files\Microchip\xc8\v2.31\pic\sources\c99\common\nf_fputc.c estimated size: 202

shared
		__initialization		CODE           	35BE	0000	24

shared estimated size: 24

C:\Program Files\Microchip\xc8\v2.31\pic\sources\c99\common\tolower.c
		_tolower       		CODE           	31E4	0000	96

C:\Program Files\Microchip\xc8\v2.31\pic\sources\c99\common\tolower.c estimated size: 96

C:\Program Files\Microchip\xc8\v2.31\pic\sources\c99\common\sprcmul.c
		___flmul       		CODE           	194A	0000	1066

C:\Program Files\Microchip\xc8\v2.31\pic\sources\c99\common\sprcmul.c estimated size: 1066

C:\Program Files\Microchip\xc8\v2.31\pic\sources\c99\common\awdiv.c
		___awdiv       		CODE           	2EC4	0000	196

C:\Program Files\Microchip\xc8\v2.31\pic\sources\c99\common\awdiv.c estimated size: 196

C:\Program Files\Microchip\xc8\v2.31\pic\sources\c99\common\doprnt.c
		_vfpfcnvrt     		CODE           	210E	0000	842
		_efgtoa        		CODE           	0832	0000	3160
		_pad           		CODE           	2DFE	0000	198
		_vfprintf      		CODE           	3182	0000	98

C:\Program Files\Microchip\xc8\v2.31\pic\sources\c99\common\doprnt.c estimated size: 4298

C:\Program Files\Microchip\xc8\v2.31\pic\sources\c99\common\sprcdiv.c
		___fldiv       		CODE           	1D74	0000	922

C:\Program Files\Microchip\xc8\v2.31\pic\sources\c99\common\sprcdiv.c estimated size: 922

C:\Program Files\Microchip\xc8\v2.31\pic\sources\c99\common\fltol.c
		___fltol       		CODE           	2956	0000	262

C:\Program Files\Microchip\xc8\v2.31\pic\sources\c99\common\fltol.c estimated size: 262

C:\Program Files\Microchip\xc8\v2.31\pic\sources\c99\common\nf_sprintf.c
		_sprintf       		CODE           	335C	0000	82

C:\Program Files\Microchip\xc8\v2.31\pic\sources\c99\common\nf_sprintf.c estimated size: 82

C:\Program Files\Microchip\xc8\v2.31\pic\sources\c99\common\__fpclassifyf.c
		___fpclassifyf 		CODE           	2B60	0000	254

C:\Program Files\Microchip\xc8\v2.31\pic\sources\c99\common\__fpclassifyf.c estimated size: 254

C:\Program Files\Microchip\xc8\v2.31\pic\sources\c99\common\flge.c
		___flge        		CODE           	2A5C	0000	260

C:\Program Files\Microchip\xc8\v2.31\pic\sources\c99\common\flge.c estimated size: 260

C:\Program Files\Microchip\xc8\v2.31\pic\sources\c99\common\strncmp.c
		_strncmp       		CODE           	2C5E	0000	214

C:\Program Files\Microchip\xc8\v2.31\pic\sources\c99\common\strncmp.c estimated size: 214

